187.146.155.128 - - [25/Jul/2017:11:49:07 -0400] "GET /json/menu_btn.json HTTP/1.1" 304 - jopi.com.mx "https://app.jopi.com.mx/wp-cuenta" "Mozilla/5.0 (Windows NT 10.0; Win64; x64) AppleWebKit/537.36 (KHTML, like Gecko) Chrome/59.0.3071.115 Safari/537.36" "-"
187.146.155.128 - - [25/Jul/2017:11:49:10 -0400] "GET /mi-cuenta? HTTP/1.1" 200 22191 app.jopi.com.mx "https://app.jopi.com.mx/wp-cuenta" "Mozilla/5.0 (Windows NT 10.0; Win64; x64) AppleWebKit/537.36 (KHTML, like Gecko) Chrome/59.0.3071.115 Safari/537.36" "-"
187.146.155.128 - - [25/Jul/2017:11:49:11 -0400] "GET /wp-includes/js/zxcvbn-async.min.js?ver=1.0 HTTP/1.1" 200 232 app.jopi.com.mx "https://app.jopi.com.mx/mi-cuenta?" "Mozilla/5.0 (Windows NT 10.0; Win64; x64) AppleWebKit/537.36 (KHTML, like Gecko) Chrome/59.0.3071.115 Safari/537.36" "-"
187.146.155.128 - - [25/Jul/2017:11:49:11 -0400] "GET /wp-admin/js/password-strength-meter.min.js?ver=4.8 HTTP/1.1" 200 479 app.jopi.com.mx "https://app.jopi.com.mx/mi-cuenta?" "Mozilla/5.0 (Windows NT 10.0; Win64; x64) AppleWebKit/537.36 (KHTML, like Gecko) Chrome/59.0.3071.115 Safari/537.36" "-"
187.146.155.128 - - [25/Jul/2017:11:49:11 -0400] "GET /img/jopi_logo.svg HTTP/1.1" 304 - jopi.com.mx "https://app.jopi.com.mx/mi-cuenta?" "Mozilla/5.0 (Windows NT 10.0; Win64; x64) AppleWebKit/537.36 (KHTML, like Gecko) Chrome/59.0.3071.115 Safari/537.36" "-"
187.146.155.128 - - [25/Jul/2017:11:49:11 -0400] "GET /json/menu_btn.json HTTP/1.1" 304 - jopi.com.mx "https://app.jopi.com.mx/mi-cuenta?" "Mozilla/5.0 (Windows NT 10.0; Win64; x64) AppleWebKit/537.36 (KHTML, like Gecko) Chrome/59.0.3071.115 Safari/537.36" "-"
187.146.155.128 - - [25/Jul/2017:11:49:12 -0400] "GET /favicon.ico HTTP/1.1" 200 - app.jopi.com.mx "https://app.jopi.com.mx/mi-cuenta?" "Mozilla/5.0 (Windows NT 10.0; Win64; x64) AppleWebKit/537.36 (KHTML, like Gecko) Chrome/59.0.3071.115 Safari/537.36" "-"
187.146.155.128 - - [25/Jul/2017:11:49:12 -0400] "POST /mi-cuenta? HTTP/1.1" 302 - app.jopi.com.mx "https://app.jopi.com.mx/mi-cuenta?" "Mozilla/5.0 (Windows NT 10.0; Win64; x64) AppleWebKit/537.36 (KHTML, like Gecko) Chrome/59.0.3071.115 Safari/537.36" "-"
187.146.155.128 - - [25/Jul/2017:11:49:13 -0400] "GET /mi-cuenta? HTTP/1.1" 200 32568 app.jopi.com.mx "https://app.jopi.com.mx/mi-cuenta?" "Mozilla/5.0 (Windows NT 10.0; Win64; x64) AppleWebKit/537.36 (KHTML, like Gecko) Chrome/59.0.3071.115 Safari/537.36" "-"
187.146.155.128 - - [25/Jul/2017:11:49:13 -0400] "GET /img/jopi_logo.svg HTTP/1.1" 304 - jopi.com.mx "https://app.jopi.com.mx/mi-cuenta?" "Mozilla/5.0 (Windows NT 10.0; Win64; x64) AppleWebKit/537.36 (KHTML, like Gecko) Chrome/59.0.3071.115 Safari/537.36" "-"
187.146.155.128 - - [25/Jul/2017:11:49:13 -0400] "GET /json/menu_btn.json HTTP/1.1" 304 - jopi.com.mx "https://app.jopi.com.mx/mi-cuenta?" "Mozilla/5.0 (Windows NT 10.0; Win64; x64) AppleWebKit/537.36 (KHTML, like Gecko) Chrome/59.0.3071.115 Safari/537.36" "-"
187.146.155.128 - - [25/Jul/2017:11:49:14 -0400] "GET /favicon.ico HTTP/1.1" 200 - app.jopi.com.mx "https://app.jopi.com.mx/mi-cuenta?" "Mozilla/5.0 (Windows NT 10.0; Win64; x64) AppleWebKit/537.36 (KHTML, like Gecko) Chrome/59.0.3071.115 Safari/537.36" "-"
187.146.155.128 - - [25/Jul/2017:11:49:17 -0400] "GET / HTTP/1.1" 200 27680 app.jopi.com.mx "https://app.jopi.com.mx/mi-cuenta?" "Mozilla/5.0 (Windows NT 10.0; Win64; x64) AppleWebKit/537.36 (KHTML, like Gecko) Chrome/59.0.3071.115 Safari/537.36" "-"
187.146.155.128 - - [25/Jul/2017:11:49:18 -0400] "GET /favicon.ico HTTP/1.1" 200 - app.jopi.com.mx "https://app.jopi.com.mx/" "Mozilla/5.0 (Windows NT 10.0; Win64; x64) AppleWebKit/537.36 (KHTML, like Gecko) Chrome/59.0.3071.115 Safari/537.36" "-"
187.146.155.128 - - [25/Jul/2017:11:49:18 -0400] "GET /img/jopi_logo.svg HTTP/1.1" 304 - jopi.com.mx "https://app.jopi.com.mx/" "Mozilla/5.0 (Windows NT 10.0; Win64; x64) AppleWebKit/537.36 (KHTML, like Gecko) Chrome/59.0.3071.115 Safari/537.36" "-"
187.146.155.128 - - [25/Jul/2017:11:49:18 -0400] "GET /json/menu_btn.json HTTP/1.1" 304 - jopi.com.mx "https://app.jopi.com.mx/" "Mozilla/5.0 (Windows NT 10.0; Win64; x64) AppleWebKit/537.36 (KHTML, like Gecko) Chrome/59.0.3071.115 Safari/537.36" "-"
66.175.239.60 - - [25/Jul/2017:11:52:43 -0400] "POST /wp-cron.php?doing_wp_cron=1500997963.3792579174041748046875 HTTP/1.1" 200 - app.jopi.com.mx "https://app.jopi.com.mx/wp-cron.php?doing_wp_cron=1500997963.3792579174041748046875" "WordPress/4.8; https://app.jopi.com.mx" "-"
187.146.155.128 - - [25/Jul/2017:11:52:43 -0400] "GET /mi-cuenta? HTTP/1.1" 200 32568 app.jopi.com.mx "https://app.jopi.com.mx/" "Mozilla/5.0 (Windows NT 10.0; Win64; x64) AppleWebKit/537.36 (KHTML, like Gecko) Chrome/59.0.3071.115 Safari/537.36" "-"
187.146.155.128 - - [25/Jul/2017:11:52:44 -0400] "GET /img/jopi_logo.svg HTTP/1.1" 304 - jopi.com.mx "https://app.jopi.com.mx/mi-cuenta?" "Mozilla/5.0 (Windows NT 10.0; Win64; x64) AppleWebKit/537.36 (KHTML, like Gecko) Chrome/59.0.3071.115 Safari/537.36" "-"
187.146.155.128 - - [25/Jul/2017:11:52:44 -0400] "GET /json/menu_btn.json HTTP/1.1" 304 - jopi.com.mx "https://app.jopi.com.mx/mi-cuenta?" "Mozilla/5.0 (Windows NT 10.0; Win64; x64) AppleWebKit/537.36 (KHTML, like Gecko) Chrome/59.0.3071.115 Safari/537.36" "-"
187.146.155.128 - - [25/Jul/2017:11:52:47 -0400] "GET /favicon.ico HTTP/1.1" 200 - app.jopi.com.mx "https://app.jopi.com.mx/mi-cuenta?" "Mozilla/5.0 (Windows NT 10.0; Win64; x64) AppleWebKit/537.36 (KHTML, like Gecko) Chrome/59.0.3071.115 Safari/537.36" "-"
187.146.155.128 - - [25/Jul/2017:11:52:49 -0400] "GET /wp-admin/profile.php HTTP/1.1" 200 122817 app.jopi.com.mx "https://app.jopi.com.mx/mi-cuenta?" "Mozilla/5.0 (Windows NT 10.0; Win64; x64) AppleWebKit/537.36 (KHTML, like Gecko) Chrome/59.0.3071.115 Safari/537.36" "-"
66.175.239.60 - - [25/Jul/2017:11:52:50 -0400] "POST /wp-cron.php?doing_wp_cron=1500997970.0450460910797119140625 HTTP/1.1" 200 - app.jopi.com.mx "https://app.jopi.com.mx/wp-cron.php?doing_wp_cron=1500997970.0450460910797119140625" "WordPress/4.8; https://app.jopi.com.mx" "-"
187.146.155.128 - - [25/Jul/2017:11:52:50 -0400] "GET /wp-login.php?action=logout&_wpnonce=6f80f53dfb HTTP/1.1" 302 - app.jopi.com.mx "https://app.jopi.com.mx/mi-cuenta?" "Mozilla/5.0 (Windows NT 10.0; Win64; x64) AppleWebKit/537.36 (KHTML, like Gecko) Chrome/59.0.3071.115 Safari/537.36" "-"
187.146.155.128 - - [25/Jul/2017:11:52:51 -0400] "GET /wp-login.php?loggedout=true HTTP/1.1" 200 2742 app.jopi.com.mx "https://app.jopi.com.mx/mi-cuenta?" "Mozilla/5.0 (Windows NT 10.0; Win64; x64) AppleWebKit/537.36 (KHTML, like Gecko) Chrome/59.0.3071.115 Safari/537.36" "-"
187.146.155.128 - - [25/Jul/2017:11:52:51 -0400] "GET /favicon.ico HTTP/1.1" 200 - app.jopi.com.mx "https://app.jopi.com.mx/wp-login.php?loggedout=true" "Mozilla/5.0 (Windows NT 10.0; Win64; x64) AppleWebKit/537.36 (KHTML, like Gecko) Chrome/59.0.3071.115 Safari/537.36" "-"
187.146.155.128 - - [25/Jul/2017:11:52:57 -0400] "GET / HTTP/1.1" 200 19858 app.jopi.com.mx "-" "Mozilla/5.0 (Windows NT 10.0; Win64; x64) AppleWebKit/537.36 (KHTML, like Gecko) Chrome/59.0.3071.115 Safari/537.36" "-"
187.146.155.128 - - [25/Jul/2017:11:52:57 -0400] "GET /img/jopi_logo.svg HTTP/1.1" 304 - jopi.com.mx "https://app.jopi.com.mx/" "Mozilla/5.0 (Windows NT 10.0; Win64; x64) AppleWebKit/537.36 (KHTML, like Gecko) Chrome/59.0.3071.115 Safari/537.36" "-"
187.146.155.128 - - [25/Jul/2017:11:52:57 -0400] "GET /json/menu_btn.json HTTP/1.1" 304 - jopi.com.mx "https://app.jopi.com.mx/" "Mozilla/5.0 (Windows NT 10.0; Win64; x64) AppleWebKit/537.36 (KHTML, like Gecko) Chrome/59.0.3071.115 Safari/537.36" "-"
187.146.155.128 - - [25/Jul/2017:11:52:58 -0400] "GET /favicon.ico HTTP/1.1" 200 - app.jopi.com.mx "https://app.jopi.com.mx/" "Mozilla/5.0 (Windows NT 10.0; Win64; x64) AppleWebKit/537.36 (KHTML, like Gecko) Chrome/59.0.3071.115 Safari/537.36" "-"
187.146.155.128 - - [25/Jul/2017:11:53:00 -0400] "GET / HTTP/1.1" 304 - demo.jopi.com.mx "-" "Mozilla/5.0 (Windows NT 10.0; Win64; x64) AppleWebKit/537.36 (KHTML, like Gecko) Chrome/59.0.3071.115 Safari/537.36" "-"
187.146.155.128 - - [25/Jul/2017:11:53:00 -0400] "GET /js/vendor/modernizr.js HTTP/1.1" 304 - demo.jopi.com.mx "http://demo.jopi.com.mx/" "Mozilla/5.0 (Windows NT 10.0; Win64; x64) AppleWebKit/537.36 (KHTML, like Gecko) Chrome/59.0.3071.115 Safari/537.36" "-"
187.146.155.128 - - [25/Jul/2017:11:53:00 -0400] "GET /css/main.css HTTP/1.1" 304 - demo.jopi.com.mx "http://demo.jopi.com.mx/" "Mozilla/5.0 (Windows NT 10.0; Win64; x64) AppleWebKit/537.36 (KHTML, like Gecko) Chrome/59.0.3071.115 Safari/537.36" "-"
187.146.155.128 - - [25/Jul/2017:11:53:01 -0400] "GET /js/scrollPosStyler.js HTTP/1.1" 304 - demo.jopi.com.mx "http://demo.jopi.com.mx/" "Mozilla/5.0 (Windows NT 10.0; Win64; x64) AppleWebKit/537.36 (KHTML, like Gecko) Chrome/59.0.3071.115 Safari/537.36" "-"
187.146.155.128 - - [25/Jul/2017:11:53:01 -0400] "GET /js/smoothscroll.js HTTP/1.1" 304 - demo.jopi.com.mx "http://demo.jopi.com.mx/" "Mozilla/5.0 (Windows NT 10.0; Win64; x64) AppleWebKit/537.36 (KHTML, like Gecko) Chrome/59.0.3071.115 Safari/537.36" "-"
187.146.155.128 - - [25/Jul/2017:11:53:01 -0400] "GET /js/chartjs-plugin-deferred.min.js HTTP/1.1" 304 - demo.jopi.com.mx "http://demo.jopi.com.mx/" "Mozilla/5.0 (Windows NT 10.0; Win64; x64) AppleWebKit/537.36 (KHTML, like Gecko) Chrome/59.0.3071.115 Safari/537.36" "-"
187.146.155.128 - - [25/Jul/2017:11:53:01 -0400] "GET /js/plugins.js HTTP/1.1" 304 - demo.jopi.com.mx "http://demo.jopi.com.mx/" "Mozilla/5.0 (Windows NT 10.0; Win64; x64) AppleWebKit/537.36 (KHTML, like Gecko) Chrome/59.0.3071.115 Safari/537.36" "-"
187.146.155.128 - - [25/Jul/2017:11:53:03 -0400] "GET /img/arrows_select.svg HTTP/1.1" 304 - demo.jopi.com.mx "http://demo.jopi.com.mx/css/main.css" "Mozilla/5.0 (Windows NT 10.0; Win64; x64) AppleWebKit/537.36 (KHTML, like Gecko) Chrome/59.0.3071.115 Safari/537.36" "-"
187.146.155.128 - - [25/Jul/2017:11:53:03 -0400] "GET /img/hero2.svg HTTP/1.1" 304 - demo.jopi.com.mx "http://demo.jopi.com.mx/css/main.css" "Mozilla/5.0 (Windows NT 10.0; Win64; x64) AppleWebKit/537.36 (KHTML, like Gecko) Chrome/59.0.3071.115 Safari/537.36" "-"
187.146.155.128 - - [25/Jul/2017:11:53:03 -0400] "GET /img/jopi_logo.svg HTTP/1.1" 304 - demo.jopi.com.mx "http://demo.jopi.com.mx/" "Mozilla/5.0 (Windows NT 10.0; Win64; x64) AppleWebKit/537.36 (KHTML, like Gecko) Chrome/59.0.3071.115 Safari/537.36" "-"
187.146.155.128 - - [25/Jul/2017:11:53:03 -0400] "GET /js/main.js HTTP/1.1" 304 - demo.jopi.com.mx "http://demo.jopi.com.mx/" "Mozilla/5.0 (Windows NT 10.0; Win64; x64) AppleWebKit/537.36 (KHTML, like Gecko) Chrome/59.0.3071.115 Safari/537.36" "-"
187.146.155.128 - - [25/Jul/2017:11:53:03 -0400] "GET /img/aspecto1.svg HTTP/1.1" 304 - demo.jopi.com.mx "http://demo.jopi.com.mx/" "Mozilla/5.0 (Windows NT 10.0; Win64; x64) AppleWebKit/537.36 (KHTML, like Gecko) Chrome/59.0.3071.115 Safari/537.36" "-"
187.146.155.128 - - [25/Jul/2017:11:53:03 -0400] "GET /img/aspecto2.svg HTTP/1.1" 304 - demo.jopi.com.mx "http://demo.jopi.com.mx/" "Mozilla/5.0 (Windows NT 10.0; Win64; x64) AppleWebKit/537.36 (KHTML, like Gecko) Chrome/59.0.3071.115 Safari/537.36" "-"
187.146.155.128 - - [25/Jul/2017:11:53:03 -0400] "GET /img/aspecto3.svg HTTP/1.1" 304 - demo.jopi.com.mx "http://demo.jopi.com.mx/" "Mozilla/5.0 (Windows NT 10.0; Win64; x64) AppleWebKit/537.36 (KHTML, like Gecko) Chrome/59.0.3071.115 Safari/537.36" "-"
187.146.155.128 - - [25/Jul/2017:11:53:03 -0400] "GET /img/ventaja1.svg HTTP/1.1" 304 - demo.jopi.com.mx "http://demo.jopi.com.mx/" "Mozilla/5.0 (Windows NT 10.0; Win64; x64) AppleWebKit/537.36 (KHTML, like Gecko) Chrome/59.0.3071.115 Safari/537.36" "-"
187.146.155.128 - - [25/Jul/2017:11:53:03 -0400] "GET /img/ventaja2.svg HTTP/1.1" 304 - demo.jopi.com.mx "http://demo.jopi.com.mx/" "Mozilla/5.0 (Windows NT 10.0; Win64; x64) AppleWebKit/537.36 (KHTML, like Gecko) Chrome/59.0.3071.115 Safari/537.36" "-"
187.146.155.128 - - [25/Jul/2017:11:53:03 -0400] "GET /img/ventaja3.svg HTTP/1.1" 304 - demo.jopi.com.mx "http://demo.jopi.com.mx/" "Mozilla/5.0 (Windows NT 10.0; Win64; x64) AppleWebKit/537.36 (KHTML, like Gecko) Chrome/59.0.3071.115 Safari/537.36" "-"
187.146.155.128 - - [25/Jul/2017:11:53:03 -0400] "GET /img/ventaja4.svg HTTP/1.1" 304 - demo.jopi.com.mx "http://demo.jopi.com.mx/" "Mozilla/5.0 (Windows NT 10.0; Win64; x64) AppleWebKit/537.36 (KHTML, like Gecko) Chrome/59.0.3071.115 Safari/537.36" "-"
187.146.155.128 - - [25/Jul/2017:11:53:03 -0400] "GET /img/jopi_logo_bco.svg HTTP/1.1" 304 - demo.jopi.com.mx "http://demo.jopi.com.mx/" "Mozilla/5.0 (Windows NT 10.0; Win64; x64) AppleWebKit/537.36 (KHTML, like Gecko) Chrome/59.0.3071.115 Safari/537.36" "-"
187.146.155.128 - - [25/Jul/2017:11:53:03 -0400] "GET /img/bg_secciones_2.svg HTTP/1.1" 304 - demo.jopi.com.mx "http://demo.jopi.com.mx/css/main.css" "Mozilla/5.0 (Windows NT 10.0; Win64; x64) AppleWebKit/537.36 (KHTML, like Gecko) Chrome/59.0.3071.115 Safari/537.36" "-"
187.146.155.128 - - [25/Jul/2017:11:53:03 -0400] "GET /img/bg_secciones_1.svg HTTP/1.1" 304 - demo.jopi.com.mx "http://demo.jopi.com.mx/css/main.css" "Mozilla/5.0 (Windows NT 10.0; Win64; x64) AppleWebKit/537.36 (KHTML, like Gecko) Chrome/59.0.3071.115 Safari/537.36" "-"
187.146.155.128 - - [25/Jul/2017:11:53:04 -0400] "GET /json/seccion1.json HTTP/1.1" 304 - demo.jopi.com.mx "http://demo.jopi.com.mx/" "Mozilla/5.0 (Windows NT 10.0; Win64; x64) AppleWebKit/537.36 (KHTML, like Gecko) Chrome/59.0.3071.115 Safari/537.36" "-"
187.146.155.128 - - [25/Jul/2017:11:53:04 -0400] "GET /json/seccion2.json HTTP/1.1" 304 - demo.jopi.com.mx "http://demo.jopi.com.mx/" "Mozilla/5.0 (Windows NT 10.0; Win64; x64) AppleWebKit/537.36 (KHTML, like Gecko) Chrome/59.0.3071.115 Safari/537.36" "-"
187.146.155.128 - - [25/Jul/2017:11:53:04 -0400] "GET /json/seccion3.json HTTP/1.1" 304 - demo.jopi.com.mx "http://demo.jopi.com.mx/" "Mozilla/5.0 (Windows NT 10.0; Win64; x64) AppleWebKit/537.36 (KHTML, like Gecko) Chrome/59.0.3071.115 Safari/537.36" "-"
187.146.155.128 - - [25/Jul/2017:11:53:04 -0400] "GET /json/nubes.json HTTP/1.1" 304 - demo.jopi.com.mx "http://demo.jopi.com.mx/" "Mozilla/5.0 (Windows NT 10.0; Win64; x64) AppleWebKit/537.36 (KHTML, like Gecko) Chrome/59.0.3071.115 Safari/537.36" "-"
187.146.155.128 - - [25/Jul/2017:11:53:04 -0400] "GET /json/menu_btn.json HTTP/1.1" 304 - demo.jopi.com.mx "http://demo.jopi.com.mx/" "Mozilla/5.0 (Windows NT 10.0; Win64; x64) AppleWebKit/537.36 (KHTML, like Gecko) Chrome/59.0.3071.115 Safari/537.36" "-"
187.146.155.128 - - [25/Jul/2017:11:53:04 -0400] "GET /json/scroller.json HTTP/1.1" 304 - demo.jopi.com.mx "http://demo.jopi.com.mx/" "Mozilla/5.0 (Windows NT 10.0; Win64; x64) AppleWebKit/537.36 (KHTML, like Gecko) Chrome/59.0.3071.115 Safari/537.36" "-"
187.146.155.128 - - [25/Jul/2017:11:54:50 -0400] "POST /php/forma_main.php HTTP/1.1" 200 22 demo.jopi.com.mx "http://demo.jopi.com.mx/" "Mozilla/5.0 (Windows NT 10.0; Win64; x64) AppleWebKit/537.36 (KHTML, like Gecko) Chrome/59.0.3071.115 Safari/537.36" "-"
187.146.155.128 - - [25/Jul/2017:11:54:52 -0400] "GET /img/hero_gracias.svg HTTP/1.1" 200 8966 demo.jopi.com.mx "http://demo.jopi.com.mx/" "Mozilla/5.0 (Windows NT 10.0; Win64; x64) AppleWebKit/537.36 (KHTML, like Gecko) Chrome/59.0.3071.115 Safari/537.36" "-"
66.175.239.60 - - [25/Jul/2017:11:56:28 -0400] "POST /wp-cron.php?doing_wp_cron=1500998188.8770339488983154296875 HTTP/1.1" 200 - app.jopi.com.mx "https://app.jopi.com.mx/wp-cron.php?doing_wp_cron=1500998188.8770339488983154296875" "WordPress/4.8; https://app.jopi.com.mx" "-"
187.146.155.128 - - [25/Jul/2017:11:56:28 -0400] "GET /mi-cuenta? HTTP/1.1" 200 22191 app.jopi.com.mx "http://demo.jopi.com.mx/" "Mozilla/5.0 (Windows NT 10.0; Win64; x64) AppleWebKit/537.36 (KHTML, like Gecko) Chrome/59.0.3071.115 Safari/537.36" "-"
187.146.155.128 - - [25/Jul/2017:11:56:29 -0400] "GET /img/jopi_logo.svg HTTP/1.1" 304 - jopi.com.mx "https://app.jopi.com.mx/mi-cuenta?" "Mozilla/5.0 (Windows NT 10.0; Win64; x64) AppleWebKit/537.36 (KHTML, like Gecko) Chrome/59.0.3071.115 Safari/537.36" "-"
187.146.155.128 - - [25/Jul/2017:11:56:29 -0400] "GET /favicon.ico HTTP/1.1" 200 - app.jopi.com.mx "https://app.jopi.com.mx/mi-cuenta?" "Mozilla/5.0 (Windows NT 10.0; Win64; x64) AppleWebKit/537.36 (KHTML, like Gecko) Chrome/59.0.3071.115 Safari/537.36" "-"
187.146.155.128 - - [25/Jul/2017:11:56:30 -0400] "GET /json/menu_btn.json HTTP/1.1" 304 - jopi.com.mx "https://app.jopi.com.mx/mi-cuenta?" "Mozilla/5.0 (Windows NT 10.0; Win64; x64) AppleWebKit/537.36 (KHTML, like Gecko) Chrome/59.0.3071.115 Safari/537.36" "-"
187.146.155.128 - - [25/Jul/2017:11:56:44 -0400] "POST /php/forma_main.php HTTP/1.1" 200 22 demo.jopi.com.mx "http://demo.jopi.com.mx/" "Mozilla/5.0 (Windows NT 10.0; Win64; x64) AppleWebKit/537.36 (KHTML, like Gecko) Chrome/59.0.3071.115 Safari/537.36" "-"
187.146.155.128 - - [25/Jul/2017:11:56:45 -0400] "GET /img/hero_gracias.svg HTTP/1.1" 304 - demo.jopi.com.mx "http://demo.jopi.com.mx/" "Mozilla/5.0 (Windows NT 10.0; Win64; x64) AppleWebKit/537.36 (KHTML, like Gecko) Chrome/59.0.3071.115 Safari/537.36" "-"
66.175.239.60 - - [25/Jul/2017:12:04:19 -0400] "POST /wp-cron.php?doing_wp_cron=1500998659.7487421035766601562500 HTTP/1.1" 200 - app.jopi.com.mx "https://app.jopi.com.mx/wp-cron.php?doing_wp_cron=1500998659.7487421035766601562500" "WordPress/4.8; https://app.jopi.com.mx" "-"
187.143.145.40 - - [25/Jul/2017:12:04:19 -0400] "GET / HTTP/1.1" 200 27680 app.jopi.com.mx "-" "Mozilla/5.0 (Macintosh; Intel Mac OS X 10_12_5) AppleWebKit/603.2.4 (KHTML, like Gecko) Version/10.1.1 Safari/603.2.4" "-"
187.143.145.40 - - [25/Jul/2017:12:04:21 -0400] "GET /js/scrollPosStyler.js?ver=4.8 HTTP/1.1" 304 - jopi.com.mx "https://app.jopi.com.mx/" "Mozilla/5.0 (Macintosh; Intel Mac OS X 10_12_5) AppleWebKit/603.2.4 (KHTML, like Gecko) Version/10.1.1 Safari/603.2.4" "-"
187.143.145.40 - - [25/Jul/2017:12:04:21 -0400] "GET /img/jopi_logo.svg HTTP/1.1" 304 - jopi.com.mx "https://app.jopi.com.mx/" "Mozilla/5.0 (Macintosh; Intel Mac OS X 10_12_5) AppleWebKit/603.2.4 (KHTML, like Gecko) Version/10.1.1 Safari/603.2.4" "-"
187.143.145.40 - - [25/Jul/2017:12:04:21 -0400] "GET /wp-includes/js/wp-emoji-release.min.js?ver=4.8 HTTP/1.1" 200 4812 app.jopi.com.mx "https://app.jopi.com.mx/" "Mozilla/5.0 (Macintosh; Intel Mac OS X 10_12_5) AppleWebKit/603.2.4 (KHTML, like Gecko) Version/10.1.1 Safari/603.2.4" "-"
187.143.145.40 - - [25/Jul/2017:12:04:21 -0400] "GET /wp-includes/css/dashicons.min.css?ver=4.8 HTTP/1.1" 200 29889 app.jopi.com.mx "https://app.jopi.com.mx/" "Mozilla/5.0 (Macintosh; Intel Mac OS X 10_12_5) AppleWebKit/603.2.4 (KHTML, like Gecko) Version/10.1.1 Safari/603.2.4" "-"
187.143.145.40 - - [25/Jul/2017:12:04:21 -0400] "GET /wp-content/plugins/user-tags/assets/css/style.css?ver=4.8 HTTP/1.1" 200 1203 app.jopi.com.mx "https://app.jopi.com.mx/" "Mozilla/5.0 (Macintosh; Intel Mac OS X 10_12_5) AppleWebKit/603.2.4 (KHTML, like Gecko) Version/10.1.1 Safari/603.2.4" "-"
187.143.145.40 - - [25/Jul/2017:12:04:21 -0400] "POST /?wc-ajax=get_refreshed_fragments HTTP/1.1" 200 669 app.jopi.com.mx "https://app.jopi.com.mx/" "Mozilla/5.0 (Macintosh; Intel Mac OS X 10_12_5) AppleWebKit/603.2.4 (KHTML, like Gecko) Version/10.1.1 Safari/603.2.4" "-"
187.143.145.40 - - [25/Jul/2017:12:04:22 -0400] "GET /json/menu_btn.json HTTP/1.1" 304 - jopi.com.mx "https://app.jopi.com.mx/" "Mozilla/5.0 (Macintosh; Intel Mac OS X 10_12_5) AppleWebKit/603.2.4 (KHTML, like Gecko) Version/10.1.1 Safari/603.2.4" "-"
187.143.145.40 - - [25/Jul/2017:12:04:29 -0400] "GET /wp-admin/ HTTP/1.1" 200 56801 app.jopi.com.mx "https://app.jopi.com.mx/" "Mozilla/5.0 (Macintosh; Intel Mac OS X 10_12_5) AppleWebKit/603.2.4 (KHTML, like Gecko) Version/10.1.1 Safari/603.2.4" "-"
187.143.145.40 - - [25/Jul/2017:12:04:30 -0400] "POST /wp-admin/admin-ajax.php HTTP/1.1" 200 71 app.jopi.com.mx "https://app.jopi.com.mx/wp-admin/" "Mozilla/5.0 (Macintosh; Intel Mac OS X 10_12_5) AppleWebKit/603.2.4 (KHTML, like Gecko) Version/10.1.1 Safari/603.2.4" "-"
187.143.145.40 - - [25/Jul/2017:12:04:32 -0400] "GET /wp-admin/users.php HTTP/1.1" 200 46360 app.jopi.com.mx "https://app.jopi.com.mx/wp-admin/" "Mozilla/5.0 (Macintosh; Intel Mac OS X 10_12_5) AppleWebKit/603.2.4 (KHTML, like Gecko) Version/10.1.1 Safari/603.2.4" "-"
187.143.145.40 - - [25/Jul/2017:12:04:33 -0400] "GET /wp-content/plugins/woocommerce/assets/css/admin.css?ver=2.2.8 HTTP/1.1" 200 35489 app.jopi.com.mx "https://app.jopi.com.mx/wp-admin/users.php" "Mozilla/5.0 (Macintosh; Intel Mac OS X 10_12_5) AppleWebKit/603.2.4 (KHTML, like Gecko) Version/10.1.1 Safari/603.2.4" "-"
187.143.145.40 - - [25/Jul/2017:12:04:33 -0400] "GET /wp-content/plugins/woocommerce-subscriptions/assets/css/admin.css?ver=2.2.8 HTTP/1.1" 200 3738 app.jopi.com.mx "https://app.jopi.com.mx/wp-admin/users.php" "Mozilla/5.0 (Macintosh; Intel Mac OS X 10_12_5) AppleWebKit/603.2.4 (KHTML, like Gecko) Version/10.1.1 Safari/603.2.4" "-"
187.143.145.40 - - [25/Jul/2017:12:04:33 -0400] "GET /wp-content/plugins/woocommerce-subscriptions/assets/js/admin/admin.js?ver=1499712460 HTTP/1.1" 200 7006 app.jopi.com.mx "https://app.jopi.com.mx/wp-admin/users.php" "Mozilla/5.0 (Macintosh; Intel Mac OS X 10_12_5) AppleWebKit/603.2.4 (KHTML, like Gecko) Version/10.1.1 Safari/603.2.4" "-"
187.143.145.40 - - [25/Jul/2017:12:04:36 -0400] "GET /wp-admin/user-new.php HTTP/1.1" 200 37777 app.jopi.com.mx "https://app.jopi.com.mx/wp-admin/users.php" "Mozilla/5.0 (Macintosh; Intel Mac OS X 10_12_5) AppleWebKit/603.2.4 (KHTML, like Gecko) Version/10.1.1 Safari/603.2.4" "-"
187.143.145.40 - - [25/Jul/2017:12:04:37 -0400] "GET /wp-admin/load-scripts.php?c=1&load%5B%5D=jquery-core,jquery-migrate,utils,zxcvbn-async&ver=4.8 HTTP/1.1" 200 41643 app.jopi.com.mx "https://app.jopi.com.mx/wp-admin/user-new.php" "Mozilla/5.0 (Macintosh; Intel Mac OS X 10_12_5) AppleWebKit/603.2.4 (KHTML, like Gecko) Version/10.1.1 Safari/603.2.4" "-"
187.143.145.40 - - [25/Jul/2017:12:04:37 -0400] "GET /wp-admin/load-scripts.php?c=1&load%5B%5D=hoverIntent,common,admin-bar,wp-ajax-response,password-strength-meter,underscore,wp-util,user-profile,svg-painter,heartbeat,wp-a&load%5B%5D=uth-check,wp-a11y,updates&ver=4.8 HTTP/1.1" 200 30231 app.jopi.com.mx "https://app.jopi.com.mx/wp-admin/user-new.php" "Mozilla/5.0 (Macintosh; Intel Mac OS X 10_12_5) AppleWebKit/603.2.4 (KHTML, like Gecko) Version/10.1.1 Safari/603.2.4" "-"
66.175.239.60 - - [25/Jul/2017:12:05:21 -0400] "POST /wp-cron.php?doing_wp_cron=1500998721.4160571098327636718750 HTTP/1.1" 200 - app.jopi.com.mx "https://app.jopi.com.mx/wp-cron.php?doing_wp_cron=1500998721.4160571098327636718750" "WordPress/4.8; https://app.jopi.com.mx" "-"
187.143.145.40 - - [25/Jul/2017:12:05:21 -0400] "POST /wp-admin/user-new.php HTTP/1.1" 302 - app.jopi.com.mx "https://app.jopi.com.mx/wp-admin/user-new.php" "Mozilla/5.0 (Macintosh; Intel Mac OS X 10_12_5) AppleWebKit/603.2.4 (KHTML, like Gecko) Version/10.1.1 Safari/603.2.4" "-"
187.143.145.40 - - [25/Jul/2017:12:05:22 -0400] "GET /wp-admin/users.php?update=add&id=3 HTTP/1.1" 200 48551 app.jopi.com.mx "https://app.jopi.com.mx/wp-admin/user-new.php" "Mozilla/5.0 (Macintosh; Intel Mac OS X 10_12_5) AppleWebKit/603.2.4 (KHTML, like Gecko) Version/10.1.1 Safari/603.2.4" "-"
187.146.155.128 - - [25/Jul/2017:12:06:03 -0400] "GET / HTTP/1.1" 200 7616 demo.jopi.com.mx "-" "Mozilla/5.0 (Windows NT 10.0; Win64; x64) AppleWebKit/537.36 (KHTML, like Gecko) Chrome/59.0.3071.115 Safari/537.36 OPR/46.0.2597.57" "-"
187.146.155.128 - - [25/Jul/2017:12:06:03 -0400] "GET /js/vendor/modernizr.js HTTP/1.1" 200 4050 demo.jopi.com.mx "http://demo.jopi.com.mx/" "Mozilla/5.0 (Windows NT 10.0; Win64; x64) AppleWebKit/537.36 (KHTML, like Gecko) Chrome/59.0.3071.115 Safari/537.36 OPR/46.0.2597.57" "-"
187.146.155.128 - - [25/Jul/2017:12:06:03 -0400] "GET /css/main.css HTTP/1.1" 200 3971 demo.jopi.com.mx "http://demo.jopi.com.mx/" "Mozilla/5.0 (Windows NT 10.0; Win64; x64) AppleWebKit/537.36 (KHTML, like Gecko) Chrome/59.0.3071.115 Safari/537.36 OPR/46.0.2597.57" "-"
187.146.155.128 - - [25/Jul/2017:12:06:07 -0400] "GET /js/scrollPosStyler.js HTTP/1.1" 200 1169 demo.jopi.com.mx "http://demo.jopi.com.mx/" "Mozilla/5.0 (Windows NT 10.0; Win64; x64) AppleWebKit/537.36 (KHTML, like Gecko) Chrome/59.0.3071.115 Safari/537.36 OPR/46.0.2597.57" "-"
187.146.155.128 - - [25/Jul/2017:12:06:07 -0400] "GET /js/smoothscroll.js HTTP/1.1" 200 2569 demo.jopi.com.mx "http://demo.jopi.com.mx/" "Mozilla/5.0 (Windows NT 10.0; Win64; x64) AppleWebKit/537.36 (KHTML, like Gecko) Chrome/59.0.3071.115 Safari/537.36 OPR/46.0.2597.57" "-"
187.146.155.128 - - [25/Jul/2017:12:06:07 -0400] "GET /js/chartjs-plugin-deferred.min.js HTTP/1.1" 200 1352 demo.jopi.com.mx "http://demo.jopi.com.mx/" "Mozilla/5.0 (Windows NT 10.0; Win64; x64) AppleWebKit/537.36 (KHTML, like Gecko) Chrome/59.0.3071.115 Safari/537.36 OPR/46.0.2597.57" "-"
187.146.155.128 - - [25/Jul/2017:12:06:07 -0400] "GET /js/plugins.js HTTP/1.1" 200 736 demo.jopi.com.mx "http://demo.jopi.com.mx/" "Mozilla/5.0 (Windows NT 10.0; Win64; x64) AppleWebKit/537.36 (KHTML, like Gecko) Chrome/59.0.3071.115 Safari/537.36 OPR/46.0.2597.57" "-"
187.146.155.128 - - [25/Jul/2017:12:06:07 -0400] "GET /js/main.js HTTP/1.1" 200 3625 demo.jopi.com.mx "http://demo.jopi.com.mx/" "Mozilla/5.0 (Windows NT 10.0; Win64; x64) AppleWebKit/537.36 (KHTML, like Gecko) Chrome/59.0.3071.115 Safari/537.36 OPR/46.0.2597.57" "-"
187.146.155.128 - - [25/Jul/2017:12:06:07 -0400] "GET /img/jopi_logo.svg HTTP/1.1" 200 926 demo.jopi.com.mx "http://demo.jopi.com.mx/" "Mozilla/5.0 (Windows NT 10.0; Win64; x64) AppleWebKit/537.36 (KHTML, like Gecko) Chrome/59.0.3071.115 Safari/537.36 OPR/46.0.2597.57" "-"
187.146.155.128 - - [25/Jul/2017:12:06:08 -0400] "GET /img/aspecto2.svg HTTP/1.1" 200 657 demo.jopi.com.mx "http://demo.jopi.com.mx/" "Mozilla/5.0 (Windows NT 10.0; Win64; x64) AppleWebKit/537.36 (KHTML, like Gecko) Chrome/59.0.3071.115 Safari/537.36 OPR/46.0.2597.57" "-"
187.146.155.128 - - [25/Jul/2017:12:06:08 -0400] "GET /img/aspecto3.svg HTTP/1.1" 200 1205 demo.jopi.com.mx "http://demo.jopi.com.mx/" "Mozilla/5.0 (Windows NT 10.0; Win64; x64) AppleWebKit/537.36 (KHTML, like Gecko) Chrome/59.0.3071.115 Safari/537.36 OPR/46.0.2597.57" "-"
187.146.155.128 - - [25/Jul/2017:12:06:08 -0400] "GET /img/aspecto1.svg HTTP/1.1" 200 706 demo.jopi.com.mx "http://demo.jopi.com.mx/" "Mozilla/5.0 (Windows NT 10.0; Win64; x64) AppleWebKit/537.36 (KHTML, like Gecko) Chrome/59.0.3071.115 Safari/537.36 OPR/46.0.2597.57" "-"
187.146.155.128 - - [25/Jul/2017:12:06:08 -0400] "GET /img/ventaja1.svg HTTP/1.1" 200 1339 demo.jopi.com.mx "http://demo.jopi.com.mx/" "Mozilla/5.0 (Windows NT 10.0; Win64; x64) AppleWebKit/537.36 (KHTML, like Gecko) Chrome/59.0.3071.115 Safari/537.36 OPR/46.0.2597.57" "-"
187.146.155.128 - - [25/Jul/2017:12:06:08 -0400] "GET /img/ventaja2.svg HTTP/1.1" 200 466 demo.jopi.com.mx "http://demo.jopi.com.mx/" "Mozilla/5.0 (Windows NT 10.0; Win64; x64) AppleWebKit/537.36 (KHTML, like Gecko) Chrome/59.0.3071.115 Safari/537.36 OPR/46.0.2597.57" "-"
187.146.155.128 - - [25/Jul/2017:12:06:08 -0400] "GET /img/ventaja3.svg HTTP/1.1" 200 756 demo.jopi.com.mx "http://demo.jopi.com.mx/" "Mozilla/5.0 (Windows NT 10.0; Win64; x64) AppleWebKit/537.36 (KHTML, like Gecko) Chrome/59.0.3071.115 Safari/537.36 OPR/46.0.2597.57" "-"
187.146.155.128 - - [25/Jul/2017:12:06:08 -0400] "GET /img/jopi_logo_bco.svg HTTP/1.1" 200 922 demo.jopi.com.mx "http://demo.jopi.com.mx/" "Mozilla/5.0 (Windows NT 10.0; Win64; x64) AppleWebKit/537.36 (KHTML, like Gecko) Chrome/59.0.3071.115 Safari/537.36 OPR/46.0.2597.57" "-"
187.146.155.128 - - [25/Jul/2017:12:06:08 -0400] "GET /img/ventaja4.svg HTTP/1.1" 200 675 demo.jopi.com.mx "http://demo.jopi.com.mx/" "Mozilla/5.0 (Windows NT 10.0; Win64; x64) AppleWebKit/537.36 (KHTML, like Gecko) Chrome/59.0.3071.115 Safari/537.36 OPR/46.0.2597.57" "-"
187.146.155.128 - - [25/Jul/2017:12:06:09 -0400] "GET /img/arrows_select.svg HTTP/1.1" 200 261 demo.jopi.com.mx "http://demo.jopi.com.mx/css/main.css" "Mozilla/5.0 (Windows NT 10.0; Win64; x64) AppleWebKit/537.36 (KHTML, like Gecko) Chrome/59.0.3071.115 Safari/537.36 OPR/46.0.2597.57" "-"
187.146.155.128 - - [25/Jul/2017:12:06:09 -0400] "GET /img/hero2.svg HTTP/1.1" 200 75421 demo.jopi.com.mx "http://demo.jopi.com.mx/css/main.css" "Mozilla/5.0 (Windows NT 10.0; Win64; x64) AppleWebKit/537.36 (KHTML, like Gecko) Chrome/59.0.3071.115 Safari/537.36 OPR/46.0.2597.57" "-"
187.146.155.128 - - [25/Jul/2017:12:06:09 -0400] "GET /img/bg_secciones_2.svg HTTP/1.1" 200 2033 demo.jopi.com.mx "http://demo.jopi.com.mx/css/main.css" "Mozilla/5.0 (Windows NT 10.0; Win64; x64) AppleWebKit/537.36 (KHTML, like Gecko) Chrome/59.0.3071.115 Safari/537.36 OPR/46.0.2597.57" "-"
187.146.155.128 - - [25/Jul/2017:12:06:09 -0400] "GET /img/bg_secciones_1.svg HTTP/1.1" 200 4723 demo.jopi.com.mx "http://demo.jopi.com.mx/css/main.css" "Mozilla/5.0 (Windows NT 10.0; Win64; x64) AppleWebKit/537.36 (KHTML, like Gecko) Chrome/59.0.3071.115 Safari/537.36 OPR/46.0.2597.57" "-"
187.146.155.128 - - [25/Jul/2017:12:06:10 -0400] "GET /json/seccion1.json HTTP/1.1" 200 5368 demo.jopi.com.mx "http://demo.jopi.com.mx/" "Mozilla/5.0 (Windows NT 10.0; Win64; x64) AppleWebKit/537.36 (KHTML, like Gecko) Chrome/59.0.3071.115 Safari/537.36 OPR/46.0.2597.57" "-"
187.146.155.128 - - [25/Jul/2017:12:06:10 -0400] "GET /json/seccion2.json HTTP/1.1" 200 7713 demo.jopi.com.mx "http://demo.jopi.com.mx/" "Mozilla/5.0 (Windows NT 10.0; Win64; x64) AppleWebKit/537.36 (KHTML, like Gecko) Chrome/59.0.3071.115 Safari/537.36 OPR/46.0.2597.57" "-"
187.146.155.128 - - [25/Jul/2017:12:06:10 -0400] "GET /json/seccion3.json HTTP/1.1" 200 3515 demo.jopi.com.mx "http://demo.jopi.com.mx/" "Mozilla/5.0 (Windows NT 10.0; Win64; x64) AppleWebKit/537.36 (KHTML, like Gecko) Chrome/59.0.3071.115 Safari/537.36 OPR/46.0.2597.57" "-"
187.146.155.128 - - [25/Jul/2017:12:06:11 -0400] "GET /json/nubes.json HTTP/1.1" 200 12233 demo.jopi.com.mx "http://demo.jopi.com.mx/" "Mozilla/5.0 (Windows NT 10.0; Win64; x64) AppleWebKit/537.36 (KHTML, like Gecko) Chrome/59.0.3071.115 Safari/537.36 OPR/46.0.2597.57" "-"
187.146.155.128 - - [25/Jul/2017:12:06:11 -0400] "GET /json/menu_btn.json HTTP/1.1" 200 1157 demo.jopi.com.mx "http://demo.jopi.com.mx/" "Mozilla/5.0 (Windows NT 10.0; Win64; x64) AppleWebKit/537.36 (KHTML, like Gecko) Chrome/59.0.3071.115 Safari/537.36 OPR/46.0.2597.57" "-"
187.146.155.128 - - [25/Jul/2017:12:06:11 -0400] "GET /json/scroller.json HTTP/1.1" 200 953 demo.jopi.com.mx "http://demo.jopi.com.mx/" "Mozilla/5.0 (Windows NT 10.0; Win64; x64) AppleWebKit/537.36 (KHTML, like Gecko) Chrome/59.0.3071.115 Safari/537.36 OPR/46.0.2597.57" "-"
187.146.155.128 - - [25/Jul/2017:12:06:15 -0400] "GET /favicon.ico HTTP/1.1" 404 1272 demo.jopi.com.mx "http://demo.jopi.com.mx/" "Mozilla/5.0 (Windows NT 10.0; Win64; x64) AppleWebKit/537.36 (KHTML, like Gecko) Chrome/59.0.3071.115 Safari/537.36 OPR/46.0.2597.57" "-"
187.143.145.40 - - [25/Jul/2017:12:06:26 -0400] "POST /wp-admin/admin-ajax.php HTTP/1.1" 200 47 app.jopi.com.mx "https://app.jopi.com.mx/wp-admin/users.php?id=3" "Mozilla/5.0 (Macintosh; Intel Mac OS X 10_12_5) AppleWebKit/603.2.4 (KHTML, like Gecko) Version/10.1.1 Safari/603.2.4" "-"
66.175.239.60 - - [25/Jul/2017:12:06:27 -0400] "POST /wp-cron.php?doing_wp_cron=1500998787.3206889629364013671875 HTTP/1.1" 200 - app.jopi.com.mx "https://app.jopi.com.mx/wp-cron.php?doing_wp_cron=1500998787.3206889629364013671875" "WordPress/4.8; https://app.jopi.com.mx" "-"
187.143.145.40 - - [25/Jul/2017:12:07:26 -0400] "POST /wp-admin/admin-ajax.php HTTP/1.1" 200 47 app.jopi.com.mx "https://app.jopi.com.mx/wp-admin/users.php?id=3" "Mozilla/5.0 (Macintosh; Intel Mac OS X 10_12_5) AppleWebKit/603.2.4 (KHTML, like Gecko) Version/10.1.1 Safari/603.2.4" "-"
66.175.239.60 - - [25/Jul/2017:12:07:27 -0400] "POST /wp-cron.php?doing_wp_cron=1500998847.2826199531555175781250 HTTP/1.1" 200 - app.jopi.com.mx "https://app.jopi.com.mx/wp-cron.php?doing_wp_cron=1500998847.2826199531555175781250" "WordPress/4.8; https://app.jopi.com.mx" "-"
66.175.239.60 - - [25/Jul/2017:12:08:32 -0400] "POST /wp-cron.php?doing_wp_cron=1500998912.3144049644470214843750 HTTP/1.1" 200 - app.jopi.com.mx "https://app.jopi.com.mx/wp-cron.php?doing_wp_cron=1500998912.3144049644470214843750" "WordPress/4.8; https://app.jopi.com.mx" "-"
187.143.145.40 - - [25/Jul/2017:12:08:32 -0400] "POST /wp-admin/admin-ajax.php HTTP/1.1" 200 47 app.jopi.com.mx "https://app.jopi.com.mx/wp-admin/users.php?id=3" "Mozilla/5.0 (Macintosh; Intel Mac OS X 10_12_5) AppleWebKit/603.2.4 (KHTML, like Gecko) Version/10.1.1 Safari/603.2.4" "-"
66.175.239.60 - - [25/Jul/2017:12:09:43 -0400] "POST /wp-cron.php?doing_wp_cron=1500998983.4118549823760986328125 HTTP/1.1" 200 - app.jopi.com.mx "https://app.jopi.com.mx/wp-cron.php?doing_wp_cron=1500998983.4118549823760986328125" "WordPress/4.8; https://app.jopi.com.mx" "-"
187.143.145.40 - - [25/Jul/2017:12:09:43 -0400] "POST /wp-admin/admin-ajax.php HTTP/1.1" 200 47 app.jopi.com.mx "https://app.jopi.com.mx/wp-admin/users.php?id=3" "Mozilla/5.0 (Macintosh; Intel Mac OS X 10_12_5) AppleWebKit/603.2.4 (KHTML, like Gecko) Version/10.1.1 Safari/603.2.4" "-"
66.175.239.60 - - [25/Jul/2017:12:10:49 -0400] "POST /wp-cron.php?doing_wp_cron=1500999049.4630370140075683593750 HTTP/1.1" 200 - app.jopi.com.mx "https://app.jopi.com.mx/wp-cron.php?doing_wp_cron=1500999049.4630370140075683593750" "WordPress/4.8; https://app.jopi.com.mx" "-"
187.143.145.40 - - [25/Jul/2017:12:10:49 -0400] "POST /wp-admin/admin-ajax.php HTTP/1.1" 200 47 app.jopi.com.mx "https://app.jopi.com.mx/wp-admin/users.php?id=3" "Mozilla/5.0 (Macintosh; Intel Mac OS X 10_12_5) AppleWebKit/603.2.4 (KHTML, like Gecko) Version/10.1.1 Safari/603.2.4" "-"
66.249.80.13 - - [25/Jul/2017:12:11:17 -0400] "GET /mail_img/apoyo_izq.png HTTP/1.1" 200 11467 jopi.com.mx "-" "Mozilla/5.0 (Windows NT 5.1; rv:11.0) Gecko Firefox/11.0 (via ggpht.com GoogleImageProxy)" "-"
66.249.80.17 - - [25/Jul/2017:12:11:17 -0400] "GET /mail_img/logo_top_horizontal.png HTTP/1.1" 200 3089 jopi.com.mx "-" "Mozilla/5.0 (Windows NT 5.1; rv:11.0) Gecko Firefox/11.0 (via ggpht.com GoogleImageProxy)" "-"
66.249.80.17 - - [25/Jul/2017:12:11:17 -0400] "GET /mail_img/apoyo_der.png HTTP/1.1" 200 9838 jopi.com.mx "-" "Mozilla/5.0 (Windows NT 5.1; rv:11.0) Gecko Firefox/11.0 (via ggpht.com GoogleImageProxy)" "-"
66.249.80.15 - - [25/Jul/2017:12:11:17 -0400] "GET /mail_img/hero_img.png HTTP/1.1" 200 29954 jopi.com.mx "-" "Mozilla/5.0 (Windows NT 5.1; rv:11.0) Gecko Firefox/11.0 (via ggpht.com GoogleImageProxy)" "-"
187.143.145.40 - - [25/Jul/2017:12:11:48 -0400] "POST /wp-admin/admin-ajax.php HTTP/1.1" 200 47 app.jopi.com.mx "https://app.jopi.com.mx/wp-admin/users.php?id=3" "Mozilla/5.0 (Macintosh; Intel Mac OS X 10_12_5) AppleWebKit/603.2.4 (KHTML, like Gecko) Version/10.1.1 Safari/603.2.4" "-"
66.175.239.60 - - [25/Jul/2017:12:11:49 -0400] "POST /wp-cron.php?doing_wp_cron=1500999109.0581190586090087890625 HTTP/1.1" 200 - app.jopi.com.mx "https://app.jopi.com.mx/wp-cron.php?doing_wp_cron=1500999109.0581190586090087890625" "WordPress/4.8; https://app.jopi.com.mx" "-"
187.143.145.40 - - [25/Jul/2017:12:12:48 -0400] "POST /wp-admin/admin-ajax.php HTTP/1.1" 200 47 app.jopi.com.mx "https://app.jopi.com.mx/wp-admin/users.php?id=3" "Mozilla/5.0 (Macintosh; Intel Mac OS X 10_12_5) AppleWebKit/603.2.4 (KHTML, like Gecko) Version/10.1.1 Safari/603.2.4" "-"
66.175.239.60 - - [25/Jul/2017:12:12:49 -0400] "POST /wp-cron.php?doing_wp_cron=1500999169.1308479309082031250000 HTTP/1.1" 200 - app.jopi.com.mx "https://app.jopi.com.mx/wp-cron.php?doing_wp_cron=1500999169.1308479309082031250000" "WordPress/4.8; https://app.jopi.com.mx" "-"
66.175.239.60 - - [25/Jul/2017:12:14:49 -0400] "POST /wp-cron.php?doing_wp_cron=1500999289.7344551086425781250000 HTTP/1.1" 200 - app.jopi.com.mx "https://app.jopi.com.mx/wp-cron.php?doing_wp_cron=1500999289.7344551086425781250000" "WordPress/4.8; https://app.jopi.com.mx" "-"
187.143.145.40 - - [25/Jul/2017:12:14:49 -0400] "POST /wp-admin/admin-ajax.php HTTP/1.1" 200 47 app.jopi.com.mx "https://app.jopi.com.mx/wp-admin/users.php?id=3" "Mozilla/5.0 (Macintosh; Intel Mac OS X 10_12_5) AppleWebKit/603.2.4 (KHTML, like Gecko) Version/10.1.1 Safari/603.2.4" "-"
66.175.239.60 - - [25/Jul/2017:12:17:18 -0400] "POST /wp-cron.php?doing_wp_cron=1500999438.6738290786743164062500 HTTP/1.1" 200 - app.jopi.com.mx "https://app.jopi.com.mx/wp-cron.php?doing_wp_cron=1500999438.6738290786743164062500" "WordPress/4.8; https://app.jopi.com.mx" "-"
187.143.145.40 - - [25/Jul/2017:12:17:18 -0400] "POST /wp-admin/admin-ajax.php HTTP/1.1" 200 47 app.jopi.com.mx "https://app.jopi.com.mx/wp-admin/users.php?id=3" "Mozilla/5.0 (Macintosh; Intel Mac OS X 10_12_5) AppleWebKit/603.2.4 (KHTML, like Gecko) Version/10.1.1 Safari/603.2.4" "-"
66.175.239.60 - - [25/Jul/2017:12:21:12 -0400] "POST /wp-cron.php?doing_wp_cron=1500999672.7730910778045654296875 HTTP/1.1" 200 - app.jopi.com.mx "https://app.jopi.com.mx/wp-cron.php?doing_wp_cron=1500999672.7730910778045654296875" "WordPress/4.8; https://app.jopi.com.mx" "-"
187.143.145.40 - - [25/Jul/2017:12:21:12 -0400] "POST /wp-admin/admin-ajax.php HTTP/1.1" 200 47 app.jopi.com.mx "https://app.jopi.com.mx/wp-admin/users.php?id=3" "Mozilla/5.0 (Macintosh; Intel Mac OS X 10_12_5) AppleWebKit/603.2.4 (KHTML, like Gecko) Version/10.1.1 Safari/603.2.4" "-"
66.175.239.60 - - [25/Jul/2017:12:21:55 -0400] "POST /wp-cron.php?doing_wp_cron=1500999715.9648358821868896484375 HTTP/1.1" 200 - app.jopi.com.mx "https://app.jopi.com.mx/wp-cron.php?doing_wp_cron=1500999715.9648358821868896484375" "WordPress/4.8; https://app.jopi.com.mx" "-"
187.146.155.128 - - [25/Jul/2017:12:21:55 -0400] "GET /wp-login.php?action=rp&key=GzRfZFt2Klnq0GCCXwWo&login=JCO HTTP/1.1" 302 - app.jopi.com.mx "-" "Mozilla/5.0 (Windows NT 10.0; Win64; x64) AppleWebKit/537.36 (KHTML, like Gecko) Chrome/59.0.3071.115 Safari/537.36 OPR/46.0.2597.57" "-"
187.146.155.128 - - [25/Jul/2017:12:21:56 -0400] "GET /wp-login.php?action=rp HTTP/1.1" 200 3856 app.jopi.com.mx "-" "Mozilla/5.0 (Windows NT 10.0; Win64; x64) AppleWebKit/537.36 (KHTML, like Gecko) Chrome/59.0.3071.115 Safari/537.36 OPR/46.0.2597.57" "-"
187.146.155.128 - - [25/Jul/2017:12:21:57 -0400] "GET /wp-admin/load-scripts.php?c=1&load%5B%5D=utils,jquery-core,jquery-migrate,zxcvbn-async&ver=4.8 HTTP/1.1" 200 41610 app.jopi.com.mx "https://app.jopi.com.mx/wp-login.php?action=rp" "Mozilla/5.0 (Windows NT 10.0; Win64; x64) AppleWebKit/537.36 (KHTML, like Gecko) Chrome/59.0.3071.115 Safari/537.36 OPR/46.0.2597.57" "-"
187.146.155.128 - - [25/Jul/2017:12:21:57 -0400] "GET /wp-admin/load-styles.php?c=1&dir=ltr&load%5B%5D=dashicons,buttons,forms,l10n,login&ver=4.8 HTTP/1.1" 200 38765 app.jopi.com.mx "https://app.jopi.com.mx/wp-login.php?action=rp" "Mozilla/5.0 (Windows NT 10.0; Win64; x64) AppleWebKit/537.36 (KHTML, like Gecko) Chrome/59.0.3071.115 Safari/537.36 OPR/46.0.2597.57" "-"
187.146.155.128 - - [25/Jul/2017:12:21:57 -0400] "GET /wp-admin/load-scripts.php?c=1&load%5B%5D=password-strength-meter,underscore,wp-util,user-profile&ver=4.8 HTTP/1.1" 200 9373 app.jopi.com.mx "https://app.jopi.com.mx/wp-login.php?action=rp" "Mozilla/5.0 (Windows NT 10.0; Win64; x64) AppleWebKit/537.36 (KHTML, like Gecko) Chrome/59.0.3071.115 Safari/537.36 OPR/46.0.2597.57" "-"
187.146.155.128 - - [25/Jul/2017:12:21:57 -0400] "GET /wp-admin/images/wordpress-logo.svg?ver=20131107 HTTP/1.1" 200 832 app.jopi.com.mx "https://app.jopi.com.mx/wp-admin/load-styles.php?c=1&dir=ltr&load%5B%5D=dashicons,buttons,forms,l10n,login&ver=4.8" "Mozilla/5.0 (Windows NT 10.0; Win64; x64) AppleWebKit/537.36 (KHTML, like Gecko) Chrome/59.0.3071.115 Safari/537.36 OPR/46.0.2597.57" "-"
187.146.155.128 - - [25/Jul/2017:12:21:57 -0400] "GET /wp-includes/js/zxcvbn.min.js HTTP/1.1" 200 443643 app.jopi.com.mx "https://app.jopi.com.mx/wp-login.php?action=rp" "Mozilla/5.0 (Windows NT 10.0; Win64; x64) AppleWebKit/537.36 (KHTML, like Gecko) Chrome/59.0.3071.115 Safari/537.36 OPR/46.0.2597.57" "-"
187.146.155.128 - - [25/Jul/2017:12:21:57 -0400] "GET /favicon.ico HTTP/1.1" 200 - app.jopi.com.mx "https://app.jopi.com.mx/wp-login.php?action=rp" "Mozilla/5.0 (Windows NT 10.0; Win64; x64) AppleWebKit/537.36 (KHTML, like Gecko) Chrome/59.0.3071.115 Safari/537.36 OPR/46.0.2597.57" "-"
187.146.155.128 - - [25/Jul/2017:12:22:09 -0400] "POST /wp-login.php?action=resetpass HTTP/1.1" 200 1167 app.jopi.com.mx "https://app.jopi.com.mx/wp-login.php?action=rp" "Mozilla/5.0 (Windows NT 10.0; Win64; x64) AppleWebKit/537.36 (KHTML, like Gecko) Chrome/59.0.3071.115 Safari/537.36 OPR/46.0.2597.57" "-"
187.146.155.128 - - [25/Jul/2017:12:22:09 -0400] "GET /wp-admin/load-styles.php?c=1&dir=ltr&load%5B%5D=dashicons,buttons,forms,l10n,login&ver=4.8 HTTP/1.1" 200 38765 app.jopi.com.mx "https://app.jopi.com.mx/wp-login.php?action=resetpass" "Mozilla/5.0 (Windows NT 10.0; Win64; x64) AppleWebKit/537.36 (KHTML, like Gecko) Chrome/59.0.3071.115 Safari/537.36 OPR/46.0.2597.57" "-"
187.146.155.128 - - [25/Jul/2017:12:22:10 -0400] "GET /favicon.ico HTTP/1.1" 200 - app.jopi.com.mx "https://app.jopi.com.mx/wp-login.php?action=resetpass" "Mozilla/5.0 (Windows NT 10.0; Win64; x64) AppleWebKit/537.36 (KHTML, like Gecko) Chrome/59.0.3071.115 Safari/537.36 OPR/46.0.2597.57" "-"
187.146.155.128 - - [25/Jul/2017:12:22:12 -0400] "GET /wp-login.php HTTP/1.1" 200 2453 app.jopi.com.mx "https://app.jopi.com.mx/wp-login.php?action=resetpass" "Mozilla/5.0 (Windows NT 10.0; Win64; x64) AppleWebKit/537.36 (KHTML, like Gecko) Chrome/59.0.3071.115 Safari/537.36 OPR/46.0.2597.57" "-"
187.146.155.128 - - [25/Jul/2017:12:22:12 -0400] "GET /wp-admin/load-styles.php?c=1&dir=ltr&load%5B%5D=dashicons,buttons,forms,l10n,login&ver=4.8 HTTP/1.1" 200 38765 app.jopi.com.mx "https://app.jopi.com.mx/wp-login.php" "Mozilla/5.0 (Windows NT 10.0; Win64; x64) AppleWebKit/537.36 (KHTML, like Gecko) Chrome/59.0.3071.115 Safari/537.36 OPR/46.0.2597.57" "-"
187.146.155.128 - - [25/Jul/2017:12:22:12 -0400] "GET /favicon.ico HTTP/1.1" 200 - app.jopi.com.mx "https://app.jopi.com.mx/wp-login.php" "Mozilla/5.0 (Windows NT 10.0; Win64; x64) AppleWebKit/537.36 (KHTML, like Gecko) Chrome/59.0.3071.115 Safari/537.36 OPR/46.0.2597.57" "-"
187.146.155.128 - - [25/Jul/2017:12:22:24 -0400] "POST /wp-login.php HTTP/1.1" 302 - app.jopi.com.mx "https://app.jopi.com.mx/wp-login.php" "Mozilla/5.0 (Windows NT 10.0; Win64; x64) AppleWebKit/537.36 (KHTML, like Gecko) Chrome/59.0.3071.115 Safari/537.36 OPR/46.0.2597.57" "-"
187.146.155.128 - - [25/Jul/2017:12:22:24 -0400] "GET /wp-admin/ HTTP/1.1" 200 56830 app.jopi.com.mx "https://app.jopi.com.mx/wp-login.php" "Mozilla/5.0 (Windows NT 10.0; Win64; x64) AppleWebKit/537.36 (KHTML, like Gecko) Chrome/59.0.3071.115 Safari/537.36 OPR/46.0.2597.57" "-"
187.146.155.128 - - [25/Jul/2017:12:22:25 -0400] "GET /wp-includes/js/thickbox/thickbox.css?ver=4.8 HTTP/1.1" 200 1029 app.jopi.com.mx "https://app.jopi.com.mx/wp-admin/" "Mozilla/5.0 (Windows NT 10.0; Win64; x64) AppleWebKit/537.36 (KHTML, like Gecko) Chrome/59.0.3071.115 Safari/537.36 OPR/46.0.2597.57" "-"
187.146.155.128 - - [25/Jul/2017:12:22:25 -0400] "GET /wp-admin/load-styles.php?c=1&dir=ltr&load%5B%5D=dashicons,admin-bar,common,forms,admin-menu,dashboard,list-tables,edit,revisions,media,themes,about,nav-menus,widgets,site-icon,&load%5B%5D=l10n,buttons,wp-auth-check&ver=4.8 HTTP/1.1" 200 93296 app.jopi.com.mx "https://app.jopi.com.mx/wp-admin/" "Mozilla/5.0 (Windows NT 10.0; Win64; x64) AppleWebKit/537.36 (KHTML, like Gecko) Chrome/59.0.3071.115 Safari/537.36 OPR/46.0.2597.57" "-"
187.146.155.128 - - [25/Jul/2017:12:22:25 -0400] "GET /wp-content/plugins/zopim-live-chat/assets/css/zopim.css?ver=4.8 HTTP/1.1" 200 681 app.jopi.com.mx "https://app.jopi.com.mx/wp-admin/" "Mozilla/5.0 (Windows NT 10.0; Win64; x64) AppleWebKit/537.36 (KHTML, like Gecko) Chrome/59.0.3071.115 Safari/537.36 OPR/46.0.2597.57" "-"
187.146.155.128 - - [25/Jul/2017:12:22:25 -0400] "GET /wp-content/themes/storefront/assets/sass/admin/plugin-install.css?ver=2.2.4 HTTP/1.1" 200 210 app.jopi.com.mx "https://app.jopi.com.mx/wp-admin/" "Mozilla/5.0 (Windows NT 10.0; Win64; x64) AppleWebKit/537.36 (KHTML, like Gecko) Chrome/59.0.3071.115 Safari/537.36 OPR/46.0.2597.57" "-"
187.146.155.128 - - [25/Jul/2017:12:22:25 -0400] "GET /wp-content/plugins/user-tags/assets/css/style.css?ver=4.8 HTTP/1.1" 200 1203 app.jopi.com.mx "https://app.jopi.com.mx/wp-admin/" "Mozilla/5.0 (Windows NT 10.0; Win64; x64) AppleWebKit/537.36 (KHTML, like Gecko) Chrome/59.0.3071.115 Safari/537.36 OPR/46.0.2597.57" "-"
187.146.155.128 - - [25/Jul/2017:12:22:25 -0400] "GET /wp-content/plugins/woocommerce/assets/css/menu.css?ver=3.1.1 HTTP/1.1" 200 757 app.jopi.com.mx "https://app.jopi.com.mx/wp-admin/" "Mozilla/5.0 (Windows NT 10.0; Win64; x64) AppleWebKit/537.36 (KHTML, like Gecko) Chrome/59.0.3071.115 Safari/537.36 OPR/46.0.2597.57" "-"
187.146.155.128 - - [25/Jul/2017:12:22:25 -0400] "GET /wp-content/plugins/woocommerce/assets/css/dashboard.css?ver=3.1.1 HTTP/1.1" 200 1278 app.jopi.com.mx "https://app.jopi.com.mx/wp-admin/" "Mozilla/5.0 (Windows NT 10.0; Win64; x64) AppleWebKit/537.36 (KHTML, like Gecko) Chrome/59.0.3071.115 Safari/537.36 OPR/46.0.2597.57" "-"
187.146.155.128 - - [25/Jul/2017:12:22:25 -0400] "GET /wp-content/plugins/woocommerce-subscriptions/assets/css/dashboard.css?ver=2.2.8 HTTP/1.1" 200 201 app.jopi.com.mx "https://app.jopi.com.mx/wp-admin/" "Mozilla/5.0 (Windows NT 10.0; Win64; x64) AppleWebKit/537.36 (KHTML, like Gecko) Chrome/59.0.3071.115 Safari/537.36 OPR/46.0.2597.57" "-"
187.146.155.128 - - [25/Jul/2017:12:22:25 -0400] "GET /wp-admin/load-scripts.php?c=1&load%5B%5D=jquery-core,jquery-migrate,utils,jquery-ui-core&ver=4.8 HTTP/1.1" 200 43047 app.jopi.com.mx "https://app.jopi.com.mx/wp-admin/" "Mozilla/5.0 (Windows NT 10.0; Win64; x64) AppleWebKit/537.36 (KHTML, like Gecko) Chrome/59.0.3071.115 Safari/537.36 OPR/46.0.2597.57" "-"
187.146.155.128 - - [25/Jul/2017:12:22:26 -0400] "GET /wp-content/plugins/zopim-live-chat/assets/js/zopim.js?ver=4.8 HTTP/1.1" 200 103 app.jopi.com.mx "https://app.jopi.com.mx/wp-admin/" "Mozilla/5.0 (Windows NT 10.0; Win64; x64) AppleWebKit/537.36 (KHTML, like Gecko) Chrome/59.0.3071.115 Safari/537.36 OPR/46.0.2597.57" "-"
187.146.155.128 - - [25/Jul/2017:12:22:26 -0400] "GET /wp-includes/js/jquery/ui/datepicker.min.js?ver=1.11.4 HTTP/1.1" 200 12823 app.jopi.com.mx "https://app.jopi.com.mx/wp-admin/" "Mozilla/5.0 (Windows NT 10.0; Win64; x64) AppleWebKit/537.36 (KHTML, like Gecko) Chrome/59.0.3071.115 Safari/537.36 OPR/46.0.2597.57" "-"
187.146.155.128 - - [25/Jul/2017:12:22:26 -0400] "GET /wp-content/plugins/woocommerce/assets/js/jquery-flot/jquery.flot.resize.min.js?ver=3.1.1 HTTP/1.1" 200 606 app.jopi.com.mx "https://app.jopi.com.mx/wp-admin/" "Mozilla/5.0 (Windows NT 10.0; Win64; x64) AppleWebKit/537.36 (KHTML, like Gecko) Chrome/59.0.3071.115 Safari/537.36 OPR/46.0.2597.57" "-"
187.146.155.128 - - [25/Jul/2017:12:22:26 -0400] "GET /wp-content/plugins/woocommerce/assets/js/jquery-flot/jquery.flot.time.min.js?ver=3.1.1 HTTP/1.1" 200 1983 app.jopi.com.mx "https://app.jopi.com.mx/wp-admin/" "Mozilla/5.0 (Windows NT 10.0; Win64; x64) AppleWebKit/537.36 (KHTML, like Gecko) Chrome/59.0.3071.115 Safari/537.36 OPR/46.0.2597.57" "-"
187.146.155.128 - - [25/Jul/2017:12:22:26 -0400] "GET /wp-content/plugins/woocommerce/assets/js/jquery-flot/jquery.flot.stack.min.js?ver=3.1.1 HTTP/1.1" 200 662 app.jopi.com.mx "https://app.jopi.com.mx/wp-admin/" "Mozilla/5.0 (Windows NT 10.0; Win64; x64) AppleWebKit/537.36 (KHTML, like Gecko) Chrome/59.0.3071.115 Safari/537.36 OPR/46.0.2597.57" "-"
187.146.155.128 - - [25/Jul/2017:12:22:26 -0400] "GET /wp-content/plugins/woocommerce/assets/js/jquery-flot/jquery.flot.min.js?ver=3.1.1 HTTP/1.1" 200 14110 app.jopi.com.mx "https://app.jopi.com.mx/wp-admin/" "Mozilla/5.0 (Windows NT 10.0; Win64; x64) AppleWebKit/537.36 (KHTML, like Gecko) Chrome/59.0.3071.115 Safari/537.36 OPR/46.0.2597.57" "-"
187.146.155.128 - - [25/Jul/2017:12:22:26 -0400] "GET /wp-content/plugins/woocommerce/assets/js/admin/reports.min.js?ver=3.1.1 HTTP/1.1" 200 1446 app.jopi.com.mx "https://app.jopi.com.mx/wp-admin/" "Mozilla/5.0 (Windows NT 10.0; Win64; x64) AppleWebKit/537.36 (KHTML, like Gecko) Chrome/59.0.3071.115 Safari/537.36 OPR/46.0.2597.57" "-"
187.146.155.128 - - [25/Jul/2017:12:22:26 -0400] "GET /wp-content/plugins/woocommerce/assets/js/jquery-flot/jquery.flot.pie.min.js?ver=3.1.1 HTTP/1.1" 200 3128 app.jopi.com.mx "https://app.jopi.com.mx/wp-admin/" "Mozilla/5.0 (Windows NT 10.0; Win64; x64) AppleWebKit/537.36 (KHTML, like Gecko) Chrome/59.0.3071.115 Safari/537.36 OPR/46.0.2597.57" "-"
187.146.155.128 - - [25/Jul/2017:12:22:26 -0400] "GET /wp-admin/load-scripts.php?c=1&load%5B%5D=hoverIntent,common,admin-bar,wp-ajax-response,jquery-color,wp-lists,quicktags,jquery-query,admin-comments,jquery-ui-widget,jquer&load%5B%5D=y-ui-mouse,jquery-ui-sortable,postbox,underscore,wp-util,wp-a11y,dashboard,customize-base,customize-loader,thickbox,plugin-insta&load%5B%5D=ll,updates,shortcode,media-upload,svg-painter,heartbeat,wp-auth-check&ver=4.8 HTTP/1.1" 200 68578 app.jopi.com.mx "https://app.jopi.com.mx/wp-admin/" "Mozilla/5.0 (Windows NT 10.0; Win64; x64) AppleWebKit/537.36 (KHTML, like Gecko) Chrome/59.0.3071.115 Safari/537.36 OPR/46.0.2597.57" "-"
187.146.155.128 - - [25/Jul/2017:12:22:26 -0400] "GET /wp-content/themes/storefront/assets/js/admin/plugin-install.min.js?ver=2.2.4 HTTP/1.1" 200 354 app.jopi.com.mx "https://app.jopi.com.mx/wp-admin/" "Mozilla/5.0 (Windows NT 10.0; Win64; x64) AppleWebKit/537.36 (KHTML, like Gecko) Chrome/59.0.3071.115 Safari/537.36 OPR/46.0.2597.57" "-"
